BL51 BANKED LINKER/LOCATER V6.22                                                        05/20/2015  11:45:24  PAGE 1


BL51 BANKED LINKER/LOCATER V6.22, INVOKED BY:
D:\KEIL\C51\BIN\BL51.EXE .\output\STARTUP.obj, .\output\mcu_test.obj TO .\output\mcu_test PRINT (.\mcu_test.m51) RAMSIZE
>>  (256)


MEMORY MODEL: SMALL


INPUT MODULES INCLUDED:
  .\output\STARTUP.obj (?C_STARTUP)
  .\output\mcu_test.obj (MCU_TEST)
  D:\KEIL\C51\LIB\C51S.LIB (?C_INIT)
  D:\KEIL\C51\LIB\C51S.LIB (?C?CLDPTR)
  D:\KEIL\C51\LIB\C51S.LIB (?C?IMUL)
  D:\KEIL\C51\LIB\C51S.LIB (?C?LMUL)
  D:\KEIL\C51\LIB\C51S.LIB (?C?SLDIV)
  D:\KEIL\C51\LIB\C51S.LIB (PRINTF)
  D:\KEIL\C51\LIB\C51S.LIB (?C?MEMSET)
  D:\KEIL\C51\LIB\C51S.LIB (?C?CLDOPTR)
  D:\KEIL\C51\LIB\C51S.LIB (?C?CSTPTR)
  D:\KEIL\C51\LIB\C51S.LIB (?C?ULDIV)
  D:\KEIL\C51\LIB\C51S.LIB (?C?PLDIIDATA)
  D:\KEIL\C51\LIB\C51S.LIB (?C?CCASE)
  D:\KEIL\C51\LIB\C51S.LIB (PUTCHAR)


LINK MAP OF MODULE:  .\output\mcu_test (?C_STARTUP)


            TYPE    BASE      LENGTH    RELOCATION   SEGMENT NAME
            -----------------------------------------------------

            * * * * * * *   D A T A   M E M O R Y   * * * * * * *
            REG     0000H     0008H     ABSOLUTE     "REG BANK 0"
            DATA    0008H     0009H     UNIT         ?DT?MCU_TEST
                    0011H     000FH                  *** GAP ***
            BIT     0020H.0   0001H.1   UNIT         _BIT_GROUP_
                    0021H.1   0000H.7                *** GAP ***
            DATA    0022H     0019H     UNIT         _DATA_GROUP_
            IDATA   003BH     0001H     UNIT         ?STACK

            * * * * * * *   C O D E   M E M O R Y   * * * * * * *
            CODE    0000H     0003H     ABSOLUTE     
            CODE    0003H     0008H     UNIT         ?PR?_UART1_SEND_BYTE?MCU_TEST
            CODE    000BH     0003H     ABSOLUTE     
            CODE    000EH     035CH     UNIT         ?PR?PRINTF?PRINTF
            CODE    036AH     01E9H     UNIT         ?C?LIB_CODE
            CODE    0553H     0096H     UNIT         ?PR?MEASURE_DISTANCE?MCU_TEST
            CODE    05E9H     008CH     UNIT         ?C_C51STARTUP
            CODE    0675H     0084H     UNIT         ?PR?SHOW?MCU_TEST
            CODE    06F9H     0044H     UNIT         ?C?LDIV
            CODE    073DH     0043H     UNIT         ?PR?MAIN?MCU_TEST
            CODE    0780H     0027H     UNIT         ?PR?PUTCHAR?PUTCHAR
            CODE    07A7H     0025H     UNIT         ?PR?_UART1_SEND_STRING?MCU_TEST
            CODE    07CCH     0023H     UNIT         ?PR?TIMER0?MCU_TEST
            CODE    07EFH     0020H     UNIT         ?PR?_DELAY_XMS?MCU_TEST
            CODE    080FH     001BH     UNIT         ?PR?_DELAYT?MCU_TEST
            CODE    082AH     0014H     UNIT         ?PR?UARTINIT?MCU_TEST
BL51 BANKED LINKER/LOCATER V6.22                                                      05/20/2015  11:45:24  PAGE 2


            CODE    083EH     0011H     UNIT         ?CO?MCU_TEST
            CODE    084FH     0010H     UNIT         ?PR?INIT_PARAMETER?MCU_TEST
            CODE    085FH     000CH     UNIT         ?PR?TRIG_SUPERSONIC?MCU_TEST
            CODE    086BH     000BH     UNIT         ?PR?INIT_MCU?MCU_TEST
            CODE    0876H     0007H     UNIT         ?C_INITSEG



OVERLAY MAP OF MODULE:   .\output\mcu_test (?C_STARTUP)


SEGMENT                                    BIT_GROUP          DATA_GROUP 
  +--> CALLED SEGMENT                   START    LENGTH     START    LENGTH
---------------------------------------------------------------------------
?C_C51STARTUP                           -----    -----      -----    -----
  +--> ?PR?MAIN?MCU_TEST
  +--> ?C_INITSEG

?PR?MAIN?MCU_TEST                       -----    -----      -----    -----
  +--> ?PR?INIT_MCU?MCU_TEST
  +--> ?PR?INIT_PARAMETER?MCU_TEST
  +--> ?PR?UARTINIT?MCU_TEST
  +--> ?PR?_DELAY_XMS?MCU_TEST
  +--> ?PR?TRIG_SUPERSONIC?MCU_TEST
  +--> ?PR?MEASURE_DISTANCE?MCU_TEST
  +--> ?PR?SHOW?MCU_TEST
  +--> ?CO?MCU_TEST
  +--> ?PR?_UART1_SEND_STRING?MCU_TEST
  +--> ?PR?_DELAYT?MCU_TEST

?PR?TRIG_SUPERSONIC?MCU_TEST            -----    -----      -----    -----
  +--> ?PR?_DELAYT?MCU_TEST

?PR?MEASURE_DISTANCE?MCU_TEST           -----    -----      0022H    0005H
  +--> ?PR?_DELAYT?MCU_TEST
  +--> ?CO?MCU_TEST
  +--> ?PR?PRINTF?PRINTF

?PR?PRINTF?PRINTF                       0020H.0  0001H.1    0027H    0014H
  +--> ?PR?PUTCHAR?PUTCHAR

?PR?SHOW?MCU_TEST                       -----    -----      0022H    0006H

?PR?_UART1_SEND_STRING?MCU_TEST         -----    -----      0022H    0003H
  +--> ?PR?_UART1_SEND_BYTE?MCU_TEST



SYMBOL TABLE OF MODULE:  .\output\mcu_test (?C_STARTUP)

  VALUE           TYPE          NAME
  ----------------------------------

  -------         MODULE        ?C_STARTUP
  C:05E9H         SEGMENT       ?C_C51STARTUP
  I:003BH         SEGMENT       ?STACK
  C:0000H         PUBLIC        ?C_STARTUP
BL51 BANKED LINKER/LOCATER V6.22                                                      05/20/2015  11:45:24  PAGE 3


  D:00E0H         SYMBOL        ACC
  D:00F0H         SYMBOL        B
  D:0083H         SYMBOL        DPH
  D:0082H         SYMBOL        DPL
  N:0000H         SYMBOL        IBPSTACK
  N:0100H         SYMBOL        IBPSTACKTOP
  N:0080H         SYMBOL        IDATALEN
  C:05ECH         SYMBOL        IDATALOOP
  N:0000H         SYMBOL        PBPSTACK
  N:0100H         SYMBOL        PBPSTACKTOP
  N:0000H         SYMBOL        PDATALEN
  N:0000H         SYMBOL        PDATASTART
  N:0000H         SYMBOL        PPAGE
  N:0000H         SYMBOL        PPAGEENABLE
  D:00A0H         SYMBOL        PPAGE_SFR
  D:0081H         SYMBOL        SP
  C:05E9H         SYMBOL        STARTUP1
  N:0000H         SYMBOL        XBPSTACK
  N:0000H         SYMBOL        XBPSTACKTOP
  N:0000H         SYMBOL        XDATALEN
  N:0000H         SYMBOL        XDATASTART
  C:0000H         LINE#         126
  C:05E9H         LINE#         133
  C:05EBH         LINE#         134
  C:05ECH         LINE#         135
  C:05EDH         LINE#         136
  C:05EFH         LINE#         185
  C:05F2H         LINE#         196
  -------         ENDMOD        ?C_STARTUP

  -------         MODULE        MCU_TEST
  C:0000H         SYMBOL        _ICE_DUMMY_
  D:00A0H         PUBLIC        P2
  B:00A8H.7       PUBLIC        EA
  C:080FH         PUBLIC        _delayt
  C:085FH         PUBLIC        Trig_SuperSonic
  C:07EFH         PUBLIC        _Delay_xMs
  D:00A8H         PUBLIC        IE
  B:00A0H.6       PUBLIC        INPUT
  D:00B8H         PUBLIC        IP
  B:0098H.1       PUBLIC        TI
  C:084FH         PUBLIC        Init_Parameter
  D:00D8H         PUBLIC        CCON
  C:073DH         PUBLIC        main
  D:0008H         PUBLIC        count
  D:0099H         PUBLIC        SBUF
  D:0087H         PUBLIC        PCON
  D:0098H         PUBLIC        SCON
  C:082AH         PUBLIC        UartInit
  D:0089H         PUBLIC        TMOD
  D:0088H         PUBLIC        TCON
  C:07A7H         PUBLIC        _UART1_Send_String
  C:0675H         PUBLIC        show
  B:00A8H.1       PUBLIC        ET0
  B:0088H.5       PUBLIC        TF0
  D:008CH         PUBLIC        TH0
  D:008DH         PUBLIC        TH1
BL51 BANKED LINKER/LOCATER V6.22                                                      05/20/2015  11:45:24  PAGE 4


  D:0009H         PUBLIC        distance
  D:008AH         PUBLIC        TL0
  D:008BH         PUBLIC        TL1
  C:0003H         PUBLIC        _UART1_Send_Byte
  C:07CCH         PUBLIC        timer0
  B:0088H.4       PUBLIC        TR0
  B:0088H.6       PUBLIC        TR1
  C:086BH         PUBLIC        Init_MCU
  D:000DH         PUBLIC        a
  C:0553H         PUBLIC        Measure_Distance
  B:00A0H.7       PUBLIC        OUTPUT
  D:00D0H         PUBLIC        PSW
  -------         PROC          _UART1_SEND_BYTE
  D:0007H         SYMBOL        ddata
  C:0003H         LINE#         28
  C:0003H         LINE#         29
  C:0003H         LINE#         30
  C:0005H         LINE#         31
  C:0008H         LINE#         32
  C:000AH         LINE#         33
  -------         ENDPROC       _UART1_SEND_BYTE
  -------         PROC          _UART1_SEND_STRING
  D:0022H         SYMBOL        str
  C:07A7H         LINE#         35
  C:07ADH         LINE#         36
  C:07ADH         LINE#         37
  C:07B8H         LINE#         38
  C:07B8H         LINE#         39
  C:07C9H         LINE#         40
  C:07CBH         LINE#         41
  -------         ENDPROC       _UART1_SEND_STRING
  -------         PROC          UARTINIT
  C:082AH         LINE#         43
  C:082AH         LINE#         44
  C:082AH         LINE#         45
  C:082DH         LINE#         46
  C:0830H         LINE#         47
  C:0833H         LINE#         48
  C:0836H         LINE#         49
  C:0839H         LINE#         50
  C:083BH         LINE#         51
  C:083DH         LINE#         53
  -------         ENDPROC       UARTINIT
  -------         PROC          SHOW
  -------         DO            
  D:0022H         SYMBOL        ge
  D:0024H         SYMBOL        shi
  D:0026H         SYMBOL        bai
  -------         ENDDO         
  C:0675H         LINE#         55
  C:0675H         LINE#         56
  C:0675H         LINE#         58
  C:068EH         LINE#         59
  C:06B0H         LINE#         60
  C:06D2H         LINE#         61
  C:06E9H         LINE#         62
  C:06EFH         LINE#         63
BL51 BANKED LINKER/LOCATER V6.22                                                      05/20/2015  11:45:24  PAGE 5


  C:06F5H         LINE#         64
  C:06F8H         LINE#         65
  -------         ENDPROC       SHOW
  -------         PROC          _DELAY_XMS
  D:0006H         SYMBOL        x
  -------         DO            
  D:0004H         SYMBOL        i
  D:0002H         SYMBOL        j
  -------         ENDDO         
  C:07EFH         LINE#         73
  C:07EFH         LINE#         74
  C:07EFH         LINE#         76
  C:07F9H         LINE#         77
  C:07F9H         LINE#         78
  C:07FCH         LINE#         79
  C:07FCH         LINE#         81
  C:0807H         LINE#         82
  C:080EH         LINE#         83
  -------         ENDPROC       _DELAY_XMS
  -------         PROC          _DELAYT
  D:0006H         SYMBOL        x
  -------         DO            
  D:0005H         SYMBOL        j
  -------         ENDDO         
  C:080FH         LINE#         91
  C:080FH         LINE#         92
  C:080FH         LINE#         94
  C:081EH         LINE#         95
  C:081EH         LINE#         96
  C:0826H         LINE#         97
  C:0826H         LINE#         99
  C:0829H         LINE#         100
  C:0829H         LINE#         101
  -------         ENDPROC       _DELAYT
  -------         PROC          INIT_MCU
  C:086BH         LINE#         109
  C:086BH         LINE#         110
  C:086BH         LINE#         114
  C:086EH         LINE#         115
  C:0871H         LINE#         116
  C:0873H         LINE#         117
  C:0875H         LINE#         118
  -------         ENDPROC       INIT_MCU
  -------         PROC          INIT_PARAMETER
  C:084FH         LINE#         127
  C:084FH         LINE#         128
  C:084FH         LINE#         129
  C:0851H         LINE#         130
  C:0853H         LINE#         131
  C:0856H         LINE#         132
  C:085EH         LINE#         133
  -------         ENDPROC       INIT_PARAMETER
  -------         PROC          TRIG_SUPERSONIC
  C:085FH         LINE#         142
  C:085FH         LINE#         143
  C:085FH         LINE#         144
  C:0861H         LINE#         145
BL51 BANKED LINKER/LOCATER V6.22                                                      05/20/2015  11:45:24  PAGE 6


  C:0868H         LINE#         146
  C:086AH         LINE#         147
  -------         ENDPROC       TRIG_SUPERSONIC
  -------         PROC          MEASURE_DISTANCE
  -------         DO            
  D:0005H         SYMBOL        l
  D:0006H         SYMBOL        h
  D:0002H         SYMBOL        y
  D:0022H         SYMBOL        temp
  -------         ENDDO         
  C:0553H         LINE#         156
  C:0553H         LINE#         157
  C:0553H         LINE#         161
  C:0555H         LINE#         162
  C:0558H         LINE#         163
  C:0558H         LINE#         165
  C:0558H         LINE#         166
  C:055AH         LINE#         167
  C:055CH         LINE#         168
  C:055EH         LINE#         169
  C:056AH         LINE#         170
  C:0572H         LINE#         171
  C:058CH         LINE#         172
  C:058FH         LINE#         173
  C:0592H         LINE#         174
  C:0598H         LINE#         175
  C:05BCH         LINE#         176
  C:05CBH         LINE#         177
  -------         ENDPROC       MEASURE_DISTANCE
  -------         PROC          MAIN
  C:073DH         LINE#         189
  C:073DH         LINE#         190
  C:073DH         LINE#         191
  C:0740H         LINE#         192
  C:0743H         LINE#         193
  C:0746H         LINE#         194
  C:074DH         LINE#         195
  C:074DH         LINE#         196
  C:074DH         LINE#         197
  C:0750H         LINE#         198
  C:0753H         LINE#         199
  C:0753H         LINE#         201
  C:0753H         LINE#         202
  C:0756H         LINE#         203
  C:0759H         LINE#         204
  C:0762H         LINE#         205
  C:076BH         LINE#         206
  C:0774H         LINE#         207
  C:0777H         LINE#         208
  C:077EH         LINE#         209
  -------         ENDPROC       MAIN
  -------         PROC          TIMER0
  C:07CCH         LINE#         219
  C:07D0H         LINE#         221
  C:07D2H         LINE#         222
  C:07D5H         LINE#         223
  C:07D8H         LINE#         224
BL51 BANKED LINKER/LOCATER V6.22                                                      05/20/2015  11:45:24  PAGE 7


  C:07DAH         LINE#         225
  C:07DFH         LINE#         226
  C:07DFH         LINE#         227
  C:07E1H         LINE#         228
  C:07E4H         LINE#         229
  C:07E7H         LINE#         230
  C:07EAH         LINE#         231
  C:07EAH         LINE#         232
  -------         ENDPROC       TIMER0
  -------         ENDMOD        MCU_TEST

  -------         MODULE        ?C?CLDPTR
  C:036AH         PUBLIC        ?C?CLDPTR
  -------         ENDMOD        ?C?CLDPTR

  -------         MODULE        ?C?IMUL
  C:0383H         PUBLIC        ?C?IMUL
  -------         ENDMOD        ?C?IMUL

  -------         MODULE        ?C?LMUL
  C:0395H         PUBLIC        ?C?LMUL
  -------         ENDMOD        ?C?LMUL

  -------         MODULE        ?C?SLDIV
  C:06F9H         PUBLIC        ?C?SLDIV
  -------         ENDMOD        ?C?SLDIV

  -------         MODULE        PRINTF
  D:0027H         PUBLIC        ?_PRINTF517?BYTE
  D:0027H         PUBLIC        ?_PRINTF?BYTE
  D:0027H         PUBLIC        ?_SPRINTF517?BYTE
  D:0027H         PUBLIC        ?_SPRINTF?BYTE
  C:0070H         PUBLIC        _PRINTF
  C:0070H         PUBLIC        _PRINTF517
  C:006AH         PUBLIC        _SPRINTF
  C:006AH         PUBLIC        _SPRINTF517
  -------         ENDMOD        PRINTF

  -------         MODULE        ?C?MEMSET
  C:03E4H         PUBLIC        ?C?MEMSET
  -------         ENDMOD        ?C?MEMSET

  -------         MODULE        ?C?CLDOPTR
  C:0410H         PUBLIC        ?C?CLDOPTR
  -------         ENDMOD        ?C?CLDOPTR

  -------         MODULE        ?C?CSTPTR
  C:043DH         PUBLIC        ?C?CSTPTR
  -------         ENDMOD        ?C?CSTPTR

  -------         MODULE        ?C?ULDIV
  C:048BH         PUBLIC        ?C?ULDIV
  -------         ENDMOD        ?C?ULDIV

  -------         MODULE        ?C?PLDIIDATA
  C:051DH         PUBLIC        ?C?PLDIIDATA
  -------         ENDMOD        ?C?PLDIIDATA
BL51 BANKED LINKER/LOCATER V6.22                                                      05/20/2015  11:45:24  PAGE 8



  -------         MODULE        ?C?CCASE
  C:052DH         PUBLIC        ?C?CCASE
  -------         ENDMOD        ?C?CCASE

  -------         MODULE        PUTCHAR
  C:0780H         PUBLIC        _PUTCHAR
  -------         ENDMOD        PUTCHAR

Program Size: data=44.1 xdata=0 code=2173
LINK/LOCATE RUN COMPLETE.  0 WARNING(S),  0 ERROR(S)
