BL51 BANKED LINKER/LOCATER V6.22                                                        05/20/2015  10:36:09  PAGE 1


BL51 BANKED LINKER/LOCATER V6.22, INVOKED BY:
D:\KEIL\C51\BIN\BL51.EXE .\output\STARTUP.obj, .\output\mcu_test.obj TO .\output\mcu_test PRINT (.\mcu_test.m51) RAMSIZE
>>  (256)


MEMORY MODEL: SMALL


INPUT MODULES INCLUDED:
  .\output\STARTUP.obj (?C_STARTUP)
  .\output\mcu_test.obj (MCU_TEST)


LINK MAP OF MODULE:  .\output\mcu_test (?C_STARTUP)


            TYPE    BASE      LENGTH    RELOCATION   SEGMENT NAME
            -----------------------------------------------------

            * * * * * * *   D A T A   M E M O R Y   * * * * * * *
            REG     0000H     0008H     ABSOLUTE     "REG BANK 0"
            DATA    0008H     0002H     UNIT         _DATA_GROUP_
            IDATA   000AH     0001H     UNIT         ?STACK

            * * * * * * *   C O D E   M E M O R Y   * * * * * * *
            CODE    0000H     0003H     ABSOLUTE     
            CODE    0003H     0032H     UNIT         ?PR?MAIN?MCU_TEST
            CODE    0035H     001FH     UNIT         ?PR?DELAY?MCU_TEST
            CODE    0054H     000CH     UNIT         ?C_C51STARTUP
            CODE    0060H     0008H     UNIT         ?CO?MCU_TEST



OVERLAY MAP OF MODULE:   .\output\mcu_test (?C_STARTUP)


SEGMENT                          DATA_GROUP 
  +--> CALLED SEGMENT          START    LENGTH
----------------------------------------------
?C_C51STARTUP                  -----    -----
  +--> ?PR?MAIN?MCU_TEST

?PR?MAIN?MCU_TEST              0008H    0002H
  +--> ?CO?MCU_TEST
  +--> ?PR?DELAY?MCU_TEST



SYMBOL TABLE OF MODULE:  .\output\mcu_test (?C_STARTUP)

  VALUE           TYPE          NAME
  ----------------------------------

  -------         MODULE        ?C_STARTUP
  C:0054H         SEGMENT       ?C_C51STARTUP
  I:000AH         SEGMENT       ?STACK
  C:0000H         PUBLIC        ?C_STARTUP
  D:00E0H         SYMBOL        ACC
BL51 BANKED LINKER/LOCATER V6.22                                                      05/20/2015  10:36:09  PAGE 2


  D:00F0H         SYMBOL        B
  D:0083H         SYMBOL        DPH
  D:0082H         SYMBOL        DPL
  N:0000H         SYMBOL        IBPSTACK
  N:0100H         SYMBOL        IBPSTACKTOP
  N:0080H         SYMBOL        IDATALEN
  C:0057H         SYMBOL        IDATALOOP
  N:0000H         SYMBOL        PBPSTACK
  N:0100H         SYMBOL        PBPSTACKTOP
  N:0000H         SYMBOL        PDATALEN
  N:0000H         SYMBOL        PDATASTART
  N:0000H         SYMBOL        PPAGE
  N:0000H         SYMBOL        PPAGEENABLE
  D:00A0H         SYMBOL        PPAGE_SFR
  D:0081H         SYMBOL        SP
  C:0054H         SYMBOL        STARTUP1
  N:0000H         SYMBOL        XBPSTACK
  N:0000H         SYMBOL        XBPSTACKTOP
  N:0000H         SYMBOL        XDATALEN
  N:0000H         SYMBOL        XDATASTART
  C:0000H         LINE#         126
  C:0054H         LINE#         133
  C:0056H         LINE#         134
  C:0057H         LINE#         135
  C:0058H         LINE#         136
  C:005AH         LINE#         185
  C:005DH         LINE#         196
  -------         ENDMOD        ?C_STARTUP

  -------         MODULE        MCU_TEST
  C:0000H         SYMBOL        _ICE_DUMMY_
  D:0080H         PUBLIC        P0
  C:0060H         PUBLIC        table
  D:00A8H         PUBLIC        IE
  C:0035H         PUBLIC        delay
  D:00B8H         PUBLIC        IP
  D:00D8H         PUBLIC        CCON
  C:0003H         PUBLIC        main
  D:0098H         PUBLIC        SCON
  D:0088H         PUBLIC        TCON
  D:00D0H         PUBLIC        PSW
  -------         PROC          DELAY
  -------         DO            
  D:0006H         SYMBOL        x
  D:0004H         SYMBOL        y
  -------         ENDDO         
  C:0035H         LINE#         4
  C:0035H         LINE#         5
  C:0035H         LINE#         6
  C:003DH         LINE#         7
  C:0047H         LINE#         8
  C:0047H         LINE#         9
  C:0053H         LINE#         11
  -------         ENDPROC       DELAY
  -------         PROC          MAIN
  -------         DO            
  D:0008H         SYMBOL        i
BL51 BANKED LINKER/LOCATER V6.22                                                      05/20/2015  10:36:09  PAGE 3


  -------         ENDDO         
  C:0003H         LINE#         12
  C:0003H         LINE#         13
  C:0003H         LINE#         14
  C:0008H         LINE#         15
  C:0008H         LINE#         16
  C:0008H         LINE#         17
  C:000DH         LINE#         18
  C:000DH         LINE#         19
  C:001DH         LINE#         20
  C:0020H         LINE#         21
  -------         ENDPROC       MAIN
  -------         ENDMOD        MCU_TEST

Program Size: data=11.0 xdata=0 code=104
LINK/LOCATE RUN COMPLETE.  0 WARNING(S),  0 ERROR(S)
